// Vitest Snapshot v1, https://vitest.dev/guide/snapshot.html

exports[`Snapshot: func.func with block-arg loc > parses a simple function and captures argument loc 1`] = `
{
  "attributes": {},
  "loc": {
    "column": 1,
    "file": "<input>",
    "line": 1,
  },
  "name": "builtin.module",
  "operands": [],
  "regions": [
    {
      "blocks": [
        {
          "arguments": [],
          "operations": [
            {
              "attributes": {
                "function_type": "(i32, i32) -> ()",
                "sym_name": "foo",
              },
              "loc": {
                "column": 7,
                "file": "<input>",
                "line": 2,
              },
              "name": "func.func",
              "operands": [],
              "regions": [
                {
                  "blocks": [
                    {
                      "arguments": [
                        {
                          "loc": {
                            "column": 22,
                            "file": "<input>",
                            "line": 2,
                          },
                          "type": "i32",
                        },
                        {
                          "loc": {
                            "column": 31,
                            "file": "<input>",
                            "line": 2,
                          },
                          "type": "i32",
                        },
                      ],
                      "operations": [
                        {
                          "attributes": {
                            "overflowFlags": "#arith.overflow<none>",
                          },
                          "loc": {
                            "column": 14,
                            "file": "<input>",
                            "line": 3,
                          },
                          "name": "arith.addi",
                          "operands": [
                            {
                              "type": "i32",
                            },
                            {
                              "type": "i32",
                            },
                          ],
                          "regions": [],
                          "results": [
                            {
                              "type": "i32",
                            },
                          ],
                        },
                        {
                          "attributes": {},
                          "loc": {
                            "column": 9,
                            "file": "<input>",
                            "line": 4,
                          },
                          "name": "func.return",
                          "operands": [],
                          "regions": [],
                          "results": [],
                        },
                      ],
                    },
                  ],
                },
              ],
              "results": [],
            },
          ],
        },
      ],
    },
  ],
  "results": [],
}
`;
